8.6757 	DEBUG 	Fullscreen settings ignored as running in pilot mode.
8.6769 	INFO 	Loaded monitor calibration from ['2023_10_28 11:58']
8.8783 	EXP 	Created window1 = Window(allowGUI=True, allowStencil=False, autoLog=True, backendConf=UNKNOWN, backgroundFit=<method-wrapper '__getattribute__' of attributeSetter object at 0x7fcbc2c377c0>, backgroundImage=<method-wrapper '__getattribute__' of attributeSetter object at 0x7fcbc2c37760>, bitsMode=UNKNOWN, blendMode='avg', bpc=(8, 8, 8), color=array([0, 0, 0]), colorSpace='rgb', depthBits=8, fullscr=<method-wrapper '__getattribute__' of attributeSetter object at 0x7fcbc2c37550>, gamma=None, gammaErrorPolicy='raise', infoMsg=UNKNOWN, lms=UNKNOWN, monitor=<psychopy.monitors.calibTools.Monitor object at 0x7fcbb0104520>, multiSample=False, name='window1', numSamples=2, pos=[356.0, 191.0], screen=0, size=array([1600, 1200]), stencilBits=0, stereo=False, title='PsychoPy', units='height', useFBO=True, useRetina=True, viewOri=0.0, viewPos=None, viewScale=None, waitBlanking=True, winType='pyglet')
8.8784 	EXP 	window1: backgroundImage = ''
8.8784 	EXP 	window1: backgroundFit = 'none'
8.8786 	EXP 	window1: mouseVisible = <method-wrapper '__getattribute__' of attributeSetter object at 0x7fcbc2c378e0>
8.8787 	EXP 	window1: mouseVisible = <method-wrapper '__getattribute__' of attributeSetter object at 0x7fcbc2c378e0>
8.8810 	EXP 	window1: mouseVisible = <method-wrapper '__getattribute__' of attributeSetter object at 0x7fcbc2c378e0>
8.8815 	EXP 	window1: mouseVisible = <method-wrapper '__getattribute__' of attributeSetter object at 0x7fcbc2c378e0>
8.8875 	DEBUG 	TextBox2 loaded 1 chars with 0 blanks and 1 valid
8.8881 	DEBUG 	TextBox2 loaded 1 chars with 0 blanks and 1 valid
8.8887 	DEBUG 	TextBox2 loaded 1 chars with 0 blanks and 1 valid
8.8895 	DEBUG 	TextBox2 loaded 1 chars with 0 blanks and 1 valid
8.8902 	DEBUG 	TextBox2 loaded 1 chars with 0 blanks and 1 valid
8.8906 	DEBUG 	TextBox2 loaded 1 chars with 0 blanks and 1 valid
8.8912 	DEBUG 	TextBox2 loaded 1 chars with 0 blanks and 1 valid
8.8920 	DEBUG 	TextBox2 loaded 1 chars with 0 blanks and 1 valid
8.8922 	DEBUG 	TextBox2 loaded 1 chars with 0 blanks and 1 valid
8.8925 	DEBUG 	TextBox2 loaded 1 chars with 0 blanks and 1 valid
8.8931 	DEBUG 	TextBox2 loaded 1 chars with 0 blanks and 1 valid
8.8937 	DEBUG 	TextBox2 loaded 1 chars with 0 blanks and 1 valid
8.8942 	DEBUG 	TextBox2 loaded 1 chars with 0 blanks and 1 valid
8.8949 	DEBUG 	TextBox2 loaded 1 chars with 0 blanks and 1 valid
8.8954 	DEBUG 	TextBox2 loaded 1 chars with 0 blanks and 1 valid
8.8960 	DEBUG 	TextBox2 loaded 1 chars with 0 blanks and 1 valid
8.8966 	DEBUG 	TextBox2 loaded 1 chars with 0 blanks and 1 valid
8.8969 	DEBUG 	TextBox2 loaded 1 chars with 0 blanks and 1 valid
8.8973 	DEBUG 	TextBox2 loaded 1 chars with 0 blanks and 1 valid
8.8981 	DEBUG 	TextBox2 loaded 1 chars with 0 blanks and 1 valid
8.8984 	DEBUG 	TextBox2 loaded 1 chars with 0 blanks and 1 valid
8.8995 	DEBUG 	Uploading Texture Font fontname to graphics card
8.9038 	DEBUG 	Upload of Texture Font fontname complete
8.9052 	EXP 	window1: mouseVisible = <method-wrapper '__getattribute__' of attributeSetter object at 0x7fcbc2c378e0>
8.9053 	EXP 	window1: mouseVisible = <method-wrapper '__getattribute__' of attributeSetter object at 0x7fcbc2c378e0>
8.9058 	EXP 	window1: mouseVisible = <method-wrapper '__getattribute__' of attributeSetter object at 0x7fcbc2c378e0>
8.9062 	EXP 	window1: mouseVisible = <method-wrapper '__getattribute__' of attributeSetter object at 0x7fcbc2c378e0>
8.9096 	DEBUG 	TextBox2 loaded 1 chars with 0 blanks and 1 valid
8.9105 	DEBUG 	TextBox2 loaded 1 chars with 0 blanks and 1 valid
8.9114 	DEBUG 	TextBox2 loaded 1 chars with 0 blanks and 1 valid
8.9116 	DEBUG 	Uploading Texture Font fontname to graphics card
8.9136 	DEBUG 	Upload of Texture Font fontname complete
8.9152 	EXP 	window1: Attempting to measure frame rate of screen (0) ...
8.9152 	EXP 	window1: recordFrameIntervals = False
9.0372 	EXP 	window1: recordFrameIntervals = True
9.8789 	WARNING 	Couldn't measure a consistent frame rate!
  - Is your graphics card set to sync to vertical blank?
  - Are you running other processes on your computer?

9.8799 	EXP 	window1: mouseVisible = False
9.8803 	EXP 	window1: mouseVisible = False
9.8804 	EXP 	window1: mouseVisible = False
9.8812 	EXP 	window1: mouseVisible = False
9.8819 	EXP 	window1: mouseVisible = False
9.8875 	DEBUG 	TextBox2 loaded 1 chars with 0 blanks and 1 valid
9.8881 	DEBUG 	TextBox2 loaded 1 chars with 0 blanks and 1 valid
9.8892 	DEBUG 	TextBox2 loaded 1 chars with 0 blanks and 1 valid
9.8905 	DEBUG 	TextBox2 loaded 1 chars with 0 blanks and 1 valid
9.8917 	DEBUG 	TextBox2 loaded 1 chars with 0 blanks and 1 valid
9.8929 	DEBUG 	TextBox2 loaded 1 chars with 0 blanks and 1 valid
9.8935 	DEBUG 	TextBox2 loaded 1 chars with 0 blanks and 1 valid
9.8945 	DEBUG 	TextBox2 loaded 1 chars with 0 blanks and 1 valid
9.8957 	DEBUG 	TextBox2 loaded 1 chars with 0 blanks and 1 valid
9.8967 	DEBUG 	TextBox2 loaded 1 chars with 0 blanks and 1 valid
9.8970 	DEBUG 	Uploading Texture Font fontname to graphics card
9.8999 	DEBUG 	Upload of Texture Font fontname complete
9.9014 	EXP 	window1: mouseVisible = False
9.9015 	EXP 	window1: mouseVisible = False
9.9020 	EXP 	window1: mouseVisible = False
9.9026 	EXP 	window1: mouseVisible = False
11.2559 	INFO 	keyboard.Keyboard is using ptb backend.
11.5447 	INFO 	keyboard.Keyboard is using ptb backend.
11.8333 	INFO 	keyboard.Keyboard is using ptb backend.
12.1375 	INFO 	keyboard.Keyboard is using ptb backend.
12.4352 	INFO 	keyboard.Keyboard is using ptb backend.
12.7323 	INFO 	keyboard.Keyboard is using ptb backend.
13.0378 	INFO 	keyboard.Keyboard is using ptb backend.
13.3444 	INFO 	keyboard.Keyboard is using ptb backend.
13.6569 	INFO 	keyboard.Keyboard is using ptb backend.
13.9684 	INFO 	keyboard.Keyboard is using ptb backend.
14.2759 	INFO 	keyboard.Keyboard is using ptb backend.
14.5853 	INFO 	keyboard.Keyboard is using ptb backend.
14.5853 	EXP 	remlure_maintask: status = STARTED
14.5857 	EXP 	window1: mouseVisible = False
14.6274 	EXP 	Created welcome_text = TextStim(__class__=<class 'psychopy.visual.text.TextStim'>, alignHoriz=method-wrapper(...), alignText='center', alignVert=method-wrapper(...), anchorHoriz='center', anchorVert='center', antialias=True, autoDraw=False, autoLog=True, bold=False, color=array([1., 1., 1.]), colorSpace='rgb', contrast=1.0, depth=-1.0, draggable=False, flipHoriz=False, flipVert=False, font='Arial', fontFiles=[], height=0.05, italic=False, languageStyle='LTR', name='welcome_text', opacity=1, ori=0.0, pos=array([0., 0.]), rgb=UNKNOWN, text=str(...), units='height', win=Window(...), wrapWidth=1)
14.6275 	EXP 	window1: mouseVisible = False
14.9568 	EXP 	Created encode_instruct_img = ImageStim(__class__=<class 'psychopy.visual.image.ImageStim'>, anchor=('center', 'center'), autoLog=True, color=array([1., 1., 1.]), colorSpace='rgb', contrast=1.0, depth=0.0, draggable=False, flipHoriz=False, flipVert=False, image='instructions/encode_instructions.png', interpolate=True, mask=None, maskParams=None, name='encode_instruct_img', opacity=1, ori=0.0, pos=array([ 0.   , -0.075]), size=array([1.53, 1.  ]), texRes=128.0, units='height', win=Window(...))
14.9569 	EXP 	window1: mouseVisible = False
14.9768 	EXP 	Created encode_instruct_cont_text = TextStim(__class__=<class 'psychopy.visual.text.TextStim'>, alignHoriz=method-wrapper(...), alignText='center', alignVert=method-wrapper(...), anchorHoriz='center', anchorVert='center', antialias=True, autoDraw=False, autoLog=True, bold=False, color=array([1., 1., 1.]), colorSpace='rgb', contrast=1.0, depth=-1.0, draggable=False, flipHoriz=False, flipVert=False, font='Arial', fontFiles=[], height=0.04, italic=False, languageStyle='LTR', name='encode_instruct_cont_text', opacity=1, ori=0.0, pos=array([ 0. , -0.4]), rgb=UNKNOWN, text='Press <SPACE> to continue.', units='height', win=Window(...), wrapWidth=1)
14.9768 	EXP 	window1: mouseVisible = False
15.2062 	EXP 	Created operscreen_instruct_img = ImageStim(__class__=<class 'psychopy.visual.image.ImageStim'>, anchor=('center', 'center'), autoLog=True, color=array([1., 1., 1.]), colorSpace='rgb', contrast=1.0, depth=0.0, draggable=False, flipHoriz=False, flipVert=False, image='instructions/oper_screen_instructions.png', interpolate=True, mask=None, maskParams=None, name='operscreen_instruct_img', opacity=1, ori=0.0, pos=array([ 0.   , -0.075]), size=array([1.53, 1.  ]), texRes=128.0, units='height', win=Window(...))
15.2063 	EXP 	window1: mouseVisible = False
15.2083 	EXP 	Created operscreen_instruct_cont_text = TextStim(__class__=<class 'psychopy.visual.text.TextStim'>, alignHoriz=method-wrapper(...), alignText='center', alignVert=method-wrapper(...), anchorHoriz='center', anchorVert='center', antialias=True, autoDraw=False, autoLog=True, bold=False, color=array([1., 1., 1.]), colorSpace='rgb', contrast=1.0, depth=-1.0, draggable=False, flipHoriz=False, flipVert=False, font='Arial', fontFiles=[], height=0.04, italic=False, languageStyle='LTR', name='operscreen_instruct_cont_text', opacity=1, ori=0.0, pos=array([ 0. , -0.4]), rgb=UNKNOWN, text='Press <SPACE> to continue.', units='height', win=Window(...), wrapWidth=1)
15.2084 	EXP 	window1: mouseVisible = False
15.4564 	EXP 	Created operations_instruct_img = ImageStim(__class__=<class 'psychopy.visual.image.ImageStim'>, anchor=('center', 'center'), autoLog=True, color=array([1., 1., 1.]), colorSpace='rgb', contrast=1.0, depth=0.0, draggable=False, flipHoriz=False, flipVert=False, image='instructions/operation_instructions.png', interpolate=True, mask=None, maskParams=None, name='operations_instruct_img', opacity=1, ori=0.0, pos=array([0., 0.]), size=array([1.53, 1.  ]), texRes=128.0, units='height', win=Window(...))
15.4566 	EXP 	window1: mouseVisible = False
15.4585 	EXP 	Created operations_instruct_conttext = TextStim(__class__=<class 'psychopy.visual.text.TextStim'>, alignHoriz=method-wrapper(...), alignText='center', alignVert=method-wrapper(...), anchorHoriz='center', anchorVert='center', antialias=True, autoDraw=False, autoLog=True, bold=False, color=array([1., 1., 1.]), colorSpace='rgb', contrast=1.0, depth=-1.0, draggable=False, flipHoriz=False, flipVert=False, font='Arial', fontFiles=[], height=0.04, italic=False, languageStyle='LTR', name='operations_instruct_conttext', opacity=1, ori=0.0, pos=array([ 0.  , -0.43]), rgb=UNKNOWN, text='Press <SPACE> to continue.', units='height', win=Window(...), wrapWidth=1)
15.4585 	EXP 	window1: mouseVisible = False
15.7239 	EXP 	Created probescreen_instruct_img = ImageStim(__class__=<class 'psychopy.visual.image.ImageStim'>, anchor=('center', 'center'), autoLog=True, color=array([1., 1., 1.]), colorSpace='rgb', contrast=1.0, depth=0.0, draggable=False, flipHoriz=False, flipVert=False, image='instructions/probe_screen_instructions.png', interpolate=True, mask=None, maskParams=None, name='probescreen_instruct_img', opacity=1, ori=0.0, pos=array([0., 0.]), size=array([1.47, 0.95]), texRes=128.0, units='height', win=Window(...))
15.7241 	EXP 	window1: mouseVisible = False
15.7262 	EXP 	Created probescreen_instruct_conttext = TextStim(__class__=<class 'psychopy.visual.text.TextStim'>, alignHoriz=method-wrapper(...), alignText='center', alignVert=method-wrapper(...), anchorHoriz='center', anchorVert='center', antialias=True, autoDraw=False, autoLog=True, bold=False, color=array([1., 1., 1.]), colorSpace='rgb', contrast=1.0, depth=-1.0, draggable=False, flipHoriz=False, flipVert=False, font='Arial', fontFiles=[], height=0.04, italic=False, languageStyle='LTR', name='probescreen_instruct_conttext', opacity=1, ori=0.0, pos=array([ 0.  , -0.45]), rgb=UNKNOWN, text='Press <SPACE> to continue.', units='height', win=Window(...), wrapWidth=1)
15.7263 	EXP 	window1: mouseVisible = False
15.9749 	EXP 	Created probe_instructions_img = ImageStim(__class__=<class 'psychopy.visual.image.ImageStim'>, anchor=('center', 'center'), autoLog=True, color=array([1., 1., 1.]), colorSpace='rgb', contrast=1.0, depth=0.0, draggable=False, flipHoriz=False, flipVert=False, image='instructions/probe_instructions.png', interpolate=True, mask=None, maskParams=None, name='probe_instructions_img', opacity=1, ori=0.0, pos=array([0., 0.]), size=array([1.47, 0.9 ]), texRes=128.0, units='height', win=Window(...))
15.9750 	EXP 	window1: mouseVisible = False
15.9771 	EXP 	Created probe_instructions_conttext = TextStim(__class__=<class 'psychopy.visual.text.TextStim'>, alignHoriz=method-wrapper(...), alignText='center', alignVert=method-wrapper(...), anchorHoriz='center', anchorVert='center', antialias=True, autoDraw=False, autoLog=True, bold=False, color=array([1., 1., 1.]), colorSpace='rgb', contrast=1.0, depth=-1.0, draggable=False, flipHoriz=False, flipVert=False, font='Arial', fontFiles=[], height=0.04, italic=False, languageStyle='LTR', name='probe_instructions_conttext', opacity=1, ori=0.0, pos=array([ 0.  , -0.45]), rgb=UNKNOWN, text='Press <SPACE> to continue.', units='height', win=Window(...), wrapWidth=1)
15.9772 	EXP 	window1: mouseVisible = False
16.0137 	EXP 	Created prac_begin_text = TextStim(__class__=<class 'psychopy.visual.text.TextStim'>, alignHoriz=method-wrapper(...), alignText='center', alignVert=method-wrapper(...), anchorHoriz='center', anchorVert='center', antialias=True, autoDraw=False, autoLog=True, bold=False, color=array([1., 1., 1.]), colorSpace='rgb', contrast=1.0, depth=0.0, draggable=False, flipHoriz=False, flipVert=False, font='Arial', fontFiles=[], height=0.05, italic=False, languageStyle='LTR', name='prac_begin_text', opacity=1, ori=0.0, pos=array([0., 0.]), rgb=UNKNOWN, text=str(...), units='height', win=Window(...), wrapWidth=1)
16.0138 	EXP 	window1: mouseVisible = False
16.0143 	EXP 	Created Trial_prepare_text = TextStim(__class__=<class 'psychopy.visual.text.TextStim'>, alignHoriz=method-wrapper(...), alignText='center', alignVert=method-wrapper(...), anchorHoriz='center', anchorVert='center', antialias=True, autoDraw=False, autoLog=True, bold=False, color=array([1., 1., 1.]), colorSpace='rgb', contrast=1.0, depth=0.0, draggable=False, flipHoriz=False, flipVert=False, font='Arial', fontFiles=[], height=0.05, italic=False, languageStyle='LTR', name='Trial_prepare_text', opacity=1, ori=0.0, pos=array([0., 0.]), rgb=UNKNOWN, text='', units='height', win=Window(...), wrapWidth=1)
16.0144 	EXP 	window1: mouseVisible = False
16.0199 	EXP 	Created encode_fixation = ShapeStim(__class__=<class 'psychopy.visual.shape.ShapeStim'>, anchor=('center', 'center'), autoDraw=False, autoLog=True, closeShape=True, color=method-wrapper(...), colorSpace='rgb', contrast=None, depth=0.0, draggable=False, fillColor=array([-0.17647059, -0.17647059, -0.17647059]), fillColorSpace='rgb', fillRGB=array([-0.17647059, -0.17647059, -0.17647059]), interpolate=True, lineColor=array([-0.17647059, -0.17647059, -0.17647059]), lineColorSpace='rgb', lineRGB=array([-0.17647059, -0.17647059, -0.17647059]), lineWidth=1.0, name='encode_fixation', opacity=1, ori=0.0, pos=array([0., 0.]), size=array([0.03, 0.03]), units='height', vertices=ndarray(...), win=Window(...), windingRule=None)
16.0200 	EXP 	window1: mouseVisible = False
16.0241 	EXP 	Created img_1_left = ImageStim(__class__=<class 'psychopy.visual.image.ImageStim'>, anchor=('center', 'center'), autoLog=True, color=array([1., 1., 1.]), colorSpace='rgb', contrast=1.0, depth=-1.0, draggable=False, flipHoriz=False, flipVert=False, image='default.png', interpolate=True, mask=None, maskParams=None, name='img_1_left', opacity=1, ori=0.0, pos=array([-0.3,  0. ]), size=array([0.5, 0.5]), texRes=128.0, units='height', win=Window(...))
16.0242 	EXP 	window1: mouseVisible = False
16.0274 	EXP 	Created img_2_right = ImageStim(__class__=<class 'psychopy.visual.image.ImageStim'>, anchor=('center', 'center'), autoLog=True, color=array([1., 1., 1.]), colorSpace='rgb', contrast=1.0, depth=-2.0, draggable=False, flipHoriz=False, flipVert=False, image='default.png', interpolate=True, mask=None, maskParams=None, name='img_2_right', opacity=1, ori=0.0, pos=array([0.3, 0. ]), size=array([0.5, 0.5]), texRes=128.0, units='height', win=Window(...))
16.0275 	EXP 	window1: mouseVisible = False
16.0297 	EXP 	Created delay_fixation_2000 = ShapeStim(__class__=<class 'psychopy.visual.shape.ShapeStim'>, anchor=('center', 'center'), autoDraw=False, autoLog=True, closeShape=True, color=method-wrapper(...), colorSpace='rgb', contrast=None, depth=0.0, draggable=False, fillColor=array([-0.17647059, -0.17647059, -0.17647059]), fillColorSpace='rgb', fillRGB=array([-0.17647059, -0.17647059, -0.17647059]), interpolate=True, lineColor=array([-0.17647059, -0.17647059, -0.17647059]), lineColorSpace='rgb', lineRGB=array([-0.17647059, -0.17647059, -0.17647059]), lineWidth=1.0, name='delay_fixation_2000', opacity=1, ori=0.0, pos=array([0., 0.]), size=array([0.03, 0.03]), units='height', vertices=ndarray(...), win=Window(...), windingRule=None)
16.0297 	EXP 	window1: mouseVisible = False
16.0329 	EXP 	Created manipulate_cue = ImageStim(__class__=<class 'psychopy.visual.image.ImageStim'>, anchor=('center', 'center'), autoLog=True, color=array([1., 1., 1.]), colorSpace='rgb', contrast=1.0, depth=-1.0, draggable=False, flipHoriz=False, flipVert=False, image='default.png', interpolate=True, mask=None, maskParams=None, name='manipulate_cue', opacity=1, ori=0.0, pos=array([0., 0.]), size=array([0.5, 0.5]), texRes=128.0, units='height', win=Window(...))
16.0330 	EXP 	window1: mouseVisible = False
16.0350 	EXP 	Created manipulate_fixation = ShapeStim(__class__=<class 'psychopy.visual.shape.ShapeStim'>, anchor=('center', 'center'), autoDraw=False, autoLog=True, closeShape=True, color=method-wrapper(...), colorSpace='rgb', contrast=None, depth=-2.0, draggable=False, fillColor=array([-0.17647059, -0.17647059, -0.17647059]), fillColorSpace='rgb', fillRGB=array([-0.17647059, -0.17647059, -0.17647059]), interpolate=True, lineColor=array([-0.17647059, -0.17647059, -0.17647059]), lineColorSpace='rgb', lineRGB=array([-0.17647059, -0.17647059, -0.17647059]), lineWidth=1.0, name='manipulate_fixation', opacity=1, ori=0.0, pos=array([0., 0.]), size=array([0.03, 0.03]), units='height', vertices=ndarray(...), win=Window(...), windingRule=None)
16.0351 	EXP 	window1: mouseVisible = False
16.0371 	EXP 	Created delay_fixation_4000 = ShapeStim(__class__=<class 'psychopy.visual.shape.ShapeStim'>, anchor=('center', 'center'), autoDraw=False, autoLog=True, closeShape=True, color=method-wrapper(...), colorSpace='rgb', contrast=None, depth=0.0, draggable=False, fillColor=array([-0.17647059, -0.17647059, -0.17647059]), fillColorSpace='rgb', fillRGB=array([-0.17647059, -0.17647059, -0.17647059]), interpolate=True, lineColor=array([-0.17647059, -0.17647059, -0.17647059]), lineColorSpace='rgb', lineRGB=array([-0.17647059, -0.17647059, -0.17647059]), lineWidth=1.0, name='delay_fixation_4000', opacity=1, ori=0.0, pos=array([0., 0.]), size=array([0.03, 0.03]), units='height', vertices=ndarray(...), win=Window(...), windingRule=None)
16.0371 	EXP 	window1: mouseVisible = False
16.0403 	EXP 	Created probe_image = ImageStim(__class__=<class 'psychopy.visual.image.ImageStim'>, anchor=('center', 'center'), autoLog=True, color=array([1., 1., 1.]), colorSpace='rgb', contrast=1.0, depth=-1.0, draggable=False, flipHoriz=False, flipVert=False, image='default.png', interpolate=True, mask=None, maskParams=None, name='probe_image', opacity=1, ori=0.0, pos=array([0., 0.]), size=array([0.5, 0.5]), texRes=128.0, units='height', win=Window(...))
16.0404 	EXP 	window1: mouseVisible = False
16.0447 	EXP 	Created yesKey_text = TextStim(__class__=<class 'psychopy.visual.text.TextStim'>, alignHoriz=method-wrapper(...), alignText='center', alignVert=method-wrapper(...), anchorHoriz='center', anchorVert='center', antialias=True, autoDraw=False, autoLog=True, bold=False, color=array([1., 1., 1.]), colorSpace='rgb', contrast=1.0, depth=-3.0, draggable=False, flipHoriz=False, flipVert=False, font='Arial', fontFiles=[], height=0.05, italic=False, languageStyle='LTR', name='yesKey_text', opacity=1, ori=0.0, pos=array([-0.2 , -0.35]), rgb=UNKNOWN, text='[F]\nYES', units='height', win=Window(...), wrapWidth=1)
16.0448 	EXP 	window1: mouseVisible = False
16.0465 	EXP 	Created noKey_text = TextStim(__class__=<class 'psychopy.visual.text.TextStim'>, alignHoriz=method-wrapper(...), alignText='center', alignVert=method-wrapper(...), anchorHoriz='center', anchorVert='center', antialias=True, autoDraw=False, autoLog=True, bold=False, color=array([1., 1., 1.]), colorSpace='rgb', contrast=1.0, depth=-4.0, draggable=False, flipHoriz=False, flipVert=False, font='Arial', fontFiles=[], height=0.05, italic=False, languageStyle='LTR', name='noKey_text', opacity=1, ori=0.0, pos=array([ 0.2 , -0.35]), rgb=UNKNOWN, text='[J]\nNO', units='height', win=Window(...), wrapWidth=1)
16.0466 	EXP 	window1: mouseVisible = False
16.0472 	EXP 	Created ITI_text = TextStim(__class__=<class 'psychopy.visual.text.TextStim'>, alignHoriz=method-wrapper(...), alignText='center', alignVert=method-wrapper(...), anchorHoriz='center', anchorVert='center', antialias=True, autoDraw=False, autoLog=True, bold=False, color=array([1., 1., 1.]), colorSpace='rgb', contrast=1.0, depth=0.0, draggable=False, flipHoriz=False, flipVert=False, font='Arial', fontFiles=[], height=0.05, italic=False, languageStyle='LTR', name='ITI_text', opacity=1, ori=0.0, pos=array([0., 0.]), rgb=UNKNOWN, text='', units='height', win=Window(...), wrapWidth=1)
16.0473 	EXP 	window1: mouseVisible = False
16.0477 	EXP 	Created practice_continue_text = TextStim(__class__=<class 'psychopy.visual.text.TextStim'>, alignHoriz=method-wrapper(...), alignText='center', alignVert=method-wrapper(...), anchorHoriz='center', anchorVert='center', antialias=True, autoDraw=False, autoLog=True, bold=False, color=array([1., 1., 1.]), colorSpace='rgb', contrast=1.0, depth=0.0, draggable=False, flipHoriz=False, flipVert=False, font='Arial', fontFiles=[], height=0.05, italic=False, languageStyle='LTR', name='practice_continue_text', opacity=1, ori=0.0, pos=array([0., 0.]), rgb=UNKNOWN, text='', units='height', win=Window(...), wrapWidth=1)
16.0478 	EXP 	window1: mouseVisible = False
16.0501 	EXP 	Created mainexp_begin_text = TextStim(__class__=<class 'psychopy.visual.text.TextStim'>, alignHoriz=method-wrapper(...), alignText='center', alignVert=method-wrapper(...), anchorHoriz='center', anchorVert='center', antialias=True, autoDraw=False, autoLog=True, bold=False, color=array([1., 1., 1.]), colorSpace='rgb', contrast=1.0, depth=0.0, draggable=False, flipHoriz=False, flipVert=False, font='Arial', fontFiles=[], height=0.05, italic=False, languageStyle='LTR', name='mainexp_begin_text', opacity=1, ori=0.0, pos=array([0., 0.]), rgb=UNKNOWN, text=str(...), units='height', win=Window(...), wrapWidth=1)
16.0502 	EXP 	window1: mouseVisible = False
16.0506 	EXP 	Created Trial_prepare_text = TextStim(__class__=<class 'psychopy.visual.text.TextStim'>, alignHoriz=method-wrapper(...), alignText='center', alignVert=method-wrapper(...), anchorHoriz='center', anchorVert='center', antialias=True, autoDraw=False, autoLog=True, bold=False, color=array([1., 1., 1.]), colorSpace='rgb', contrast=1.0, depth=0.0, draggable=False, flipHoriz=False, flipVert=False, font='Arial', fontFiles=[], height=0.05, italic=False, languageStyle='LTR', name='Trial_prepare_text', opacity=1, ori=0.0, pos=array([0., 0.]), rgb=UNKNOWN, text='', units='height', win=Window(...), wrapWidth=1)
16.0507 	EXP 	window1: mouseVisible = False
16.0527 	EXP 	Created encode_fixation = ShapeStim(__class__=<class 'psychopy.visual.shape.ShapeStim'>, anchor=('center', 'center'), autoDraw=False, autoLog=True, closeShape=True, color=method-wrapper(...), colorSpace='rgb', contrast=None, depth=0.0, draggable=False, fillColor=array([-0.17647059, -0.17647059, -0.17647059]), fillColorSpace='rgb', fillRGB=array([-0.17647059, -0.17647059, -0.17647059]), interpolate=True, lineColor=array([-0.17647059, -0.17647059, -0.17647059]), lineColorSpace='rgb', lineRGB=array([-0.17647059, -0.17647059, -0.17647059]), lineWidth=1.0, name='encode_fixation', opacity=1, ori=0.0, pos=array([0., 0.]), size=array([0.03, 0.03]), units='height', vertices=ndarray(...), win=Window(...), windingRule=None)
16.0528 	EXP 	window1: mouseVisible = False
16.0561 	EXP 	Created img_1_left = ImageStim(__class__=<class 'psychopy.visual.image.ImageStim'>, anchor=('center', 'center'), autoLog=True, color=array([1., 1., 1.]), colorSpace='rgb', contrast=1.0, depth=-1.0, draggable=False, flipHoriz=False, flipVert=False, image='default.png', interpolate=True, mask=None, maskParams=None, name='img_1_left', opacity=1, ori=0.0, pos=array([-0.3,  0. ]), size=array([0.5, 0.5]), texRes=128.0, units='height', win=Window(...))
16.0561 	EXP 	window1: mouseVisible = False
16.0593 	EXP 	Created img_2_right = ImageStim(__class__=<class 'psychopy.visual.image.ImageStim'>, anchor=('center', 'center'), autoLog=True, color=array([1., 1., 1.]), colorSpace='rgb', contrast=1.0, depth=-2.0, draggable=False, flipHoriz=False, flipVert=False, image='default.png', interpolate=True, mask=None, maskParams=None, name='img_2_right', opacity=1, ori=0.0, pos=array([0.3, 0. ]), size=array([0.5, 0.5]), texRes=128.0, units='height', win=Window(...))
16.0593 	EXP 	window1: mouseVisible = False
16.0613 	EXP 	Created delay_fixation_2000 = ShapeStim(__class__=<class 'psychopy.visual.shape.ShapeStim'>, anchor=('center', 'center'), autoDraw=False, autoLog=True, closeShape=True, color=method-wrapper(...), colorSpace='rgb', contrast=None, depth=0.0, draggable=False, fillColor=array([-0.17647059, -0.17647059, -0.17647059]), fillColorSpace='rgb', fillRGB=array([-0.17647059, -0.17647059, -0.17647059]), interpolate=True, lineColor=array([-0.17647059, -0.17647059, -0.17647059]), lineColorSpace='rgb', lineRGB=array([-0.17647059, -0.17647059, -0.17647059]), lineWidth=1.0, name='delay_fixation_2000', opacity=1, ori=0.0, pos=array([0., 0.]), size=array([0.03, 0.03]), units='height', vertices=ndarray(...), win=Window(...), windingRule=None)
16.0614 	EXP 	window1: mouseVisible = False
16.0645 	EXP 	Created manipulate_cue = ImageStim(__class__=<class 'psychopy.visual.image.ImageStim'>, anchor=('center', 'center'), autoLog=True, color=array([1., 1., 1.]), colorSpace='rgb', contrast=1.0, depth=-1.0, draggable=False, flipHoriz=False, flipVert=False, image='default.png', interpolate=True, mask=None, maskParams=None, name='manipulate_cue', opacity=1, ori=0.0, pos=array([0., 0.]), size=array([0.5, 0.5]), texRes=128.0, units='height', win=Window(...))
16.0646 	EXP 	window1: mouseVisible = False
16.0666 	EXP 	Created manipulate_fixation = ShapeStim(__class__=<class 'psychopy.visual.shape.ShapeStim'>, anchor=('center', 'center'), autoDraw=False, autoLog=True, closeShape=True, color=method-wrapper(...), colorSpace='rgb', contrast=None, depth=-2.0, draggable=False, fillColor=array([-0.17647059, -0.17647059, -0.17647059]), fillColorSpace='rgb', fillRGB=array([-0.17647059, -0.17647059, -0.17647059]), interpolate=True, lineColor=array([-0.17647059, -0.17647059, -0.17647059]), lineColorSpace='rgb', lineRGB=array([-0.17647059, -0.17647059, -0.17647059]), lineWidth=1.0, name='manipulate_fixation', opacity=1, ori=0.0, pos=array([0., 0.]), size=array([0.03, 0.03]), units='height', vertices=ndarray(...), win=Window(...), windingRule=None)
16.0667 	EXP 	window1: mouseVisible = False
16.0686 	EXP 	Created delay_fixation_4000 = ShapeStim(__class__=<class 'psychopy.visual.shape.ShapeStim'>, anchor=('center', 'center'), autoDraw=False, autoLog=True, closeShape=True, color=method-wrapper(...), colorSpace='rgb', contrast=None, depth=0.0, draggable=False, fillColor=array([-0.17647059, -0.17647059, -0.17647059]), fillColorSpace='rgb', fillRGB=array([-0.17647059, -0.17647059, -0.17647059]), interpolate=True, lineColor=array([-0.17647059, -0.17647059, -0.17647059]), lineColorSpace='rgb', lineRGB=array([-0.17647059, -0.17647059, -0.17647059]), lineWidth=1.0, name='delay_fixation_4000', opacity=1, ori=0.0, pos=array([0., 0.]), size=array([0.03, 0.03]), units='height', vertices=ndarray(...), win=Window(...), windingRule=None)
16.0687 	EXP 	window1: mouseVisible = False
16.0718 	EXP 	Created probe_image = ImageStim(__class__=<class 'psychopy.visual.image.ImageStim'>, anchor=('center', 'center'), autoLog=True, color=array([1., 1., 1.]), colorSpace='rgb', contrast=1.0, depth=-1.0, draggable=False, flipHoriz=False, flipVert=False, image='default.png', interpolate=True, mask=None, maskParams=None, name='probe_image', opacity=1, ori=0.0, pos=array([0., 0.]), size=array([0.5, 0.5]), texRes=128.0, units='height', win=Window(...))
16.0718 	EXP 	window1: mouseVisible = False
16.0732 	EXP 	Created yesKey_text = TextStim(__class__=<class 'psychopy.visual.text.TextStim'>, alignHoriz=method-wrapper(...), alignText='center', alignVert=method-wrapper(...), anchorHoriz='center', anchorVert='center', antialias=True, autoDraw=False, autoLog=True, bold=False, color=array([1., 1., 1.]), colorSpace='rgb', contrast=1.0, depth=-3.0, draggable=False, flipHoriz=False, flipVert=False, font='Arial', fontFiles=[], height=0.05, italic=False, languageStyle='LTR', name='yesKey_text', opacity=1, ori=0.0, pos=array([-0.2 , -0.35]), rgb=UNKNOWN, text='[F]\nYES', units='height', win=Window(...), wrapWidth=1)
16.0733 	EXP 	window1: mouseVisible = False
16.0750 	EXP 	Created noKey_text = TextStim(__class__=<class 'psychopy.visual.text.TextStim'>, alignHoriz=method-wrapper(...), alignText='center', alignVert=method-wrapper(...), anchorHoriz='center', anchorVert='center', antialias=True, autoDraw=False, autoLog=True, bold=False, color=array([1., 1., 1.]), colorSpace='rgb', contrast=1.0, depth=-4.0, draggable=False, flipHoriz=False, flipVert=False, font='Arial', fontFiles=[], height=0.05, italic=False, languageStyle='LTR', name='noKey_text', opacity=1, ori=0.0, pos=array([ 0.2 , -0.35]), rgb=UNKNOWN, text='[J]\nNO', units='height', win=Window(...), wrapWidth=1)
16.0750 	EXP 	window1: mouseVisible = False
16.0757 	EXP 	Created ITI_text = TextStim(__class__=<class 'psychopy.visual.text.TextStim'>, alignHoriz=method-wrapper(...), alignText='center', alignVert=method-wrapper(...), anchorHoriz='center', anchorVert='center', antialias=True, autoDraw=False, autoLog=True, bold=False, color=array([1., 1., 1.]), colorSpace='rgb', contrast=1.0, depth=0.0, draggable=False, flipHoriz=False, flipVert=False, font='Arial', fontFiles=[], height=0.05, italic=False, languageStyle='LTR', name='ITI_text', opacity=1, ori=0.0, pos=array([0., 0.]), rgb=UNKNOWN, text='', units='height', win=Window(...), wrapWidth=1)
16.0757 	EXP 	window1: mouseVisible = False
16.0761 	EXP 	Created rest_welcome = TextStim(__class__=<class 'psychopy.visual.text.TextStim'>, alignHoriz=method-wrapper(...), alignText='center', alignVert=method-wrapper(...), anchorHoriz='center', anchorVert='center', antialias=True, autoDraw=False, autoLog=True, bold=False, color=array([1., 1., 1.]), colorSpace='rgb', contrast=1.0, depth=0.0, draggable=False, flipHoriz=False, flipVert=False, font='Arial', fontFiles=[], height=0.05, italic=False, languageStyle='LTR', name='rest_welcome', opacity=1, ori=0.0, pos=array([0., 0.]), rgb=UNKNOWN, text='', units='height', win=Window(...), wrapWidth=1)
16.0762 	EXP 	window1: mouseVisible = False
16.0853 	EXP 	Created rest_continue_text = TextStim(__class__=<class 'psychopy.visual.text.TextStim'>, alignHoriz=method-wrapper(...), alignText='center', alignVert=method-wrapper(...), anchorHoriz='center', anchorVert='center', antialias=True, autoDraw=False, autoLog=True, bold=False, color=array([1., 1., 1.]), colorSpace='rgb', contrast=1.0, depth=-2.0, draggable=False, flipHoriz=False, flipVert=False, font='Arial', fontFiles=[], height=0.03, italic=False, languageStyle='LTR', name='rest_continue_text', opacity=1, ori=0.0, pos=array([ 0. , -0.4]), rgb=UNKNOWN, text=str(...), units='height', win=Window(...), wrapWidth=1)
16.0854 	EXP 	window1: mouseVisible = False
16.0858 	EXP 	Created Trial_prepare_text = TextStim(__class__=<class 'psychopy.visual.text.TextStim'>, alignHoriz=method-wrapper(...), alignText='center', alignVert=method-wrapper(...), anchorHoriz='center', anchorVert='center', antialias=True, autoDraw=False, autoLog=True, bold=False, color=array([1., 1., 1.]), colorSpace='rgb', contrast=1.0, depth=0.0, draggable=False, flipHoriz=False, flipVert=False, font='Arial', fontFiles=[], height=0.05, italic=False, languageStyle='LTR', name='Trial_prepare_text', opacity=1, ori=0.0, pos=array([0., 0.]), rgb=UNKNOWN, text='', units='height', win=Window(...), wrapWidth=1)
16.0859 	EXP 	window1: mouseVisible = False
16.1096 	EXP 	Created debrief_text = TextStim(__class__=<class 'psychopy.visual.text.TextStim'>, alignHoriz=method-wrapper(...), alignText='center', alignVert=method-wrapper(...), anchorHoriz='center', anchorVert='center', antialias=True, autoDraw=False, autoLog=True, bold=False, color=array([1., 1., 1.]), colorSpace='rgb', contrast=1.0, depth=0.0, draggable=False, flipHoriz=False, flipVert=False, font='Arial', fontFiles=[], height=0.035, italic=False, languageStyle='LTR', name='debrief_text', opacity=1, ori=0.0, pos=array([0., 0.]), rgb=UNKNOWN, text=str(...), units='height', win=Window(...), wrapWidth=1)
0.0340 	INFO 	Keyboard events cleared
0.0339 	WARNING 	t of last frame was 25.10ms (=1/39)
0.0339 	EXP 	welcome_text: autoDraw = True
0.0615 	WARNING 	t of last frame was 21.81ms (=1/45)
1.1696 	DATA 	Keypress: space
1.1761 	INFO 	Keyboard events cleared
1.1760 	WARNING 	t of last frame was 131.62ms (=1/7)
1.1760 	EXP 	welcome_text: autoDraw = False
1.1760 	EXP 	encode_instruct_img: autoDraw = True
1.1760 	EXP 	encode_instruct_cont_text: autoDraw = True
1.6717 	DATA 	Keypress: space
1.6788 	INFO 	Keyboard events cleared
1.6787 	WARNING 	t of last frame was 21.62ms (=1/46)
1.6787 	EXP 	encode_instruct_img: autoDraw = False
1.6787 	EXP 	encode_instruct_cont_text: autoDraw = False
1.6787 	EXP 	operscreen_instruct_img: autoDraw = True
1.6787 	EXP 	operscreen_instruct_cont_text: autoDraw = True
2.0872 	DATA 	Keypress: space
2.0936 	INFO 	Keyboard events cleared
2.0935 	EXP 	operscreen_instruct_img: autoDraw = False
2.0935 	EXP 	operscreen_instruct_cont_text: autoDraw = False
2.0935 	EXP 	operations_instruct_img: autoDraw = True
2.0935 	EXP 	operations_instruct_conttext: autoDraw = True
2.2957 	DATA 	Keypress: space
2.3022 	INFO 	Keyboard events cleared
2.3021 	EXP 	operations_instruct_img: autoDraw = False
2.3021 	EXP 	operations_instruct_conttext: autoDraw = False
2.3021 	EXP 	probescreen_instruct_img: autoDraw = True
2.3021 	EXP 	probescreen_instruct_conttext: autoDraw = True
2.4703 	DATA 	Keypress: space
2.4762 	INFO 	Keyboard events cleared
2.4761 	EXP 	probescreen_instruct_img: autoDraw = False
2.4761 	EXP 	probescreen_instruct_conttext: autoDraw = False
2.4761 	EXP 	probe_instructions_img: autoDraw = True
2.4761 	EXP 	probe_instructions_conttext: autoDraw = True
2.6434 	DATA 	Keypress: space
2.6461 	INFO 	Keyboard events cleared
2.6460 	EXP 	probe_instructions_img: autoDraw = False
2.6460 	EXP 	probe_instructions_conttext: autoDraw = False
2.6460 	EXP 	prac_begin_text: autoDraw = True
2.8277 	DATA 	Keypress: space
3.1012 	DATA 	Keypress: space
3.4818 	DATA 	Keypress: return
3.4839 	EXP 	prac_begin_text: autoDraw = False
3.4839 	EXP 	Trial_prepare_text: autoDraw = True
6.9988 	WARNING 	Multiple dropped frames have occurred - I'll stop bothering you about them!
8.4832 	DEBUG 	Read csv file with pandas: stimuli/csvs/maintask_stimlists/prac_stim_list.csv
8.4920 	DEBUG 	Clearing unnamed columns from stimuli/csvs/maintask_stimlists/prac_stim_list.csv
8.4934 	EXP 	Imported stimuli/csvs/maintask_stimlists/prac_stim_list.csv as conditions, 6 conditions, 14 params
8.4944 	EXP 	New trial (rep=0, index=0): <Trial 0 (0 in rep 0) data={'encode_1_cat': 'fruits', 'encode_2_cat': 'places', 'operation': 'replace', 'replace_cat': 'faces', 'cue_position': 'left', 'trial_num': 'prac_5', 'probe_subtype': 'novel', 'run_num': 'practice', 'jitter': 4, 'rest_trigger': 0, 'encode_1_img': 'stimuli/images/fruits/sliced_honeydew.png', 'encode_2_img': 'stimuli/images/places/supreme_court.png', 'replace_img': 'stimuli/images/faces/willie_nelson.png', 'probe_img': 'stimuli/images/fruits/apple03a.png', 'thisN': 0, 'thisTrialN': 0, 'thisRepN': 0}>
8.5747 	EXP 	Trial_prepare_text: autoDraw = False
8.5747 	EXP 	img_1_left: image = 'stimuli/images/fruits/sliced_honeydew.png'
8.5747 	EXP 	img_2_right: image = 'stimuli/images/places/supreme_court.png'
8.5747 	EXP 	encode_fixation: autoDraw = True
8.5747 	EXP 	img_1_left: autoDraw = True
8.5747 	EXP 	img_2_right: autoDraw = True
10.4794 	EXP 	encode_fixation: autoDraw = False
10.4794 	EXP 	img_1_left: autoDraw = False
10.4794 	EXP 	img_2_right: autoDraw = False
10.4794 	EXP 	delay_fixation_2000: autoDraw = True
12.5139 	EXP 	delay_fixation_2000: autoDraw = False
12.5139 	EXP 	delay_fixation_2000: autoDraw = False
12.5139 	EXP 	manipulate_cue: image = 'stimuli/images/faces/willie_nelson.png'
12.5139 	EXP 	manipulate_cue: autoDraw = True
12.5139 	EXP 	manipulate_fixation: autoDraw = True
14.4904 	EXP 	manipulate_cue: autoDraw = False
14.4904 	EXP 	manipulate_fixation: autoDraw = False
14.4904 	EXP 	delay_fixation_4000: autoDraw = True
18.6585 	INFO 	Keyboard events cleared
18.6585 	EXP 	delay_fixation_4000: autoDraw = False
18.6585 	EXP 	probe_image: image = 'stimuli/images/fruits/apple03a.png'
18.6585 	EXP 	probe_image: autoDraw = True
18.6585 	EXP 	yesKey_text: autoDraw = True
18.6585 	EXP 	noKey_text: autoDraw = True
19.2704 	EXP 	window1: mouseVisible = True
19.2727 	DEBUG 	Saving data for remlure_maintask ExperimentHandler
19.2738 	INFO 	saved data to /Users/edwardleung/Desktop/remlure/data/_remlure_maintask_2025-08-06_19h18.44.895.psydat
19.2753 	INFO 	saved data to '/Users/edwardleung/Desktop/remlure/data/_remlure_maintask_2025-08-06_19h18.44.895.csv'
19.2811 	WARNING 	Stopping key buffers but this could be dangerous ifother keyboards rely on the same.
19.2812 	WARNING 	Stopping key buffers but this could be dangerous ifother keyboards rely on the same.
19.2812 	WARNING 	Stopping key buffers but this could be dangerous ifother keyboards rely on the same.
19.2812 	WARNING 	Stopping key buffers but this could be dangerous ifother keyboards rely on the same.
19.2812 	WARNING 	Stopping key buffers but this could be dangerous ifother keyboards rely on the same.
19.2812 	WARNING 	Stopping key buffers but this could be dangerous ifother keyboards rely on the same.
19.2812 	WARNING 	Stopping key buffers but this could be dangerous ifother keyboards rely on the same.
19.2812 	WARNING 	Stopping key buffers but this could be dangerous ifother keyboards rely on the same.
19.2812 	WARNING 	Stopping key buffers but this could be dangerous ifother keyboards rely on the same.
19.2813 	WARNING 	Stopping key buffers but this could be dangerous ifother keyboards rely on the same.
19.2813 	WARNING 	Stopping key buffers but this could be dangerous ifother keyboards rely on the same.
19.2813 	WARNING 	Stopping key buffers but this could be dangerous ifother keyboards rely on the same.
